Link map of __start
  1] __start (notype,global) found in crt0_s.obj 
   2] _@DummyFn1 (func,local) found in crt0_s.obj 
    3] __SP_INIT found as linker generated symbol
    3] _SDA_BASE_ found as linker generated symbol
    3] _SDA2_BASE_ found as linker generated symbol
    3] romcopy (func,global) found in romcopy_c.obj 
     4] __DATA_RAM found as linker generated symbol
     4] __DATA_ROM found as linker generated symbol
     4] __DATA_END found as linker generated symbol
     4] __BSS_START found as linker generated symbol
     4] __BSS_END found as linker generated symbol
     4] main (func,global) found in main_c.obj 
      5] sys_init_fnc (func,global) found in sys_init_c.obj 
       6] intc_init_fnc (func,global) found in intc_init_c.obj 
        7] IntcIsrVectorTable (object,global) found in intc_sw_vecttable_c.obj 
         8] interrupt_handler (func,global) found in intc_sw_vecttable_c.obj 
        7] en_int_fnc (func,global) found in intc_init_c.obj 
       6] IVPRInitialize (notype,global) found in rappid_func_s.obj 
        7] _@DummyFn1 (func,local) found in rappid_func_s.obj 
         8] IVORxHandlers (notype,global) found in excep_handler_s.obj 
          9] _@DummyFn1 (func,local) found in excep_handler_s.obj 
           10] .text_vle (section,local) found in excep_handler_s.obj 
            11] IVOR0Handler (notype,global) found in excep_handler_s.obj 
            11] IVOR1Handler (notype,global) found in excep_handler_s.obj 
            11] IVOR2Handler (notype,global) found in excep_handler_s.obj 
            11] IVOR3Handler (notype,global) found in excep_handler_s.obj 
            11] IVOR5Handler (notype,global) found in excep_handler_s.obj 
            11] IVOR6Handler (notype,global) found in excep_handler_s.obj 
            11] IVOR8Handler (notype,global) found in excep_handler_s.obj 
            11] IVOR15Handler (notype,global) found in excep_handler_s.obj 
            11] default_except_handler (notype,global) found in excep_handler_s.obj 
            11] .text_vle (section,local) found in excep_handler_s.obj 
           10] IVOR4Handler (notype,global) found in sw_handlers_s.obj 
            11] _@DummyFn1 (func,local) found in sw_handlers_s.obj 
            11] .text_vle (section,local) found in sw_handlers_s.obj 
          9] .exec_vect_Vle (section,local) found in excep_handler_s.obj 
        7] .text_vle (section,local) found in rappid_func_s.obj 
       6] swt_init_fnc (func,global) found in swt_init_c.obj 
       6] sysclk_module_init_fnc (func,global) found in sysclk_init_c.obj 
        7] mode_entry_init_fnc (func,global) found in sysclk_init_c.obj 
        7] sysclk_init_fnc (func,global) found in sysclk_init_c.obj 
        7] cmu_init_fnc (func,global) found in sysclk_init_c.obj 
       6] rtc_init_fnc (func,global) found in rtc_init_c.obj 
       6] stm_init_fnc (func,global) found in stm_init_c.obj 
       6] pit_init_fnc (func,global) found in pit_init_c.obj 
       6] flexcan_init_fnc (func,global) found in flexcan_init_c.obj 
        7] flexcan_0_init_fnc (func,global) found in flexcan_init_c.obj 
        7] flexcan_1_init_fnc (func,global) found in flexcan_init_c.obj 
        7] flexcan_2_init_fnc (func,global) found in flexcan_init_c.obj 
        7] flexcan_3_init_fnc (func,global) found in flexcan_init_c.obj 
        7] flexcan_4_init_fnc (func,global) found in flexcan_init_c.obj 
        7] flexcan_5_init_fnc (func,global) found in flexcan_init_c.obj 
       6] adc_init_fnc (func,global) found in adc_init_c.obj 
        7] adc_0_init_fnc (func,global) found in adc_init_c.obj 
         8] adc_0_channel_setup_fnc (func,global) found in adc_init_c.obj 
         8] adc_0_trigger_setup_fnc (func,global) found in adc_init_c.obj 
        7] adc_1_init_fnc (func,global) found in adc_init_c.obj 
         8] adc_1_channel_setup_fnc (func,global) found in adc_init_c.obj 
         8] adc_1_trigger_setup_fnc (func,global) found in adc_init_c.obj 
        7] adc_ctuevent_init_fnc (func,global) found in adc_init_c.obj 
       6] dspi_init_fnc (func,global) found in dspi_init_c.obj 
        7] dspi0_init_fnc (func,global) found in dspi_init_c.obj 
        7] dspi1_init_fnc (func,global) found in dspi_init_c.obj 
        7] dspi2_init_fnc (func,global) found in dspi_init_c.obj 
        7] dspi3_init_fnc (func,global) found in dspi_init_c.obj 
        7] dspi4_init_fnc (func,global) found in dspi_init_c.obj 
       6] linflex_init_fnc (func,global) found in linflex_init_c.obj 
        7] linflex0_init_fnc (func,global) found in linflex_init_c.obj 
        7] linflex1_init_fnc (func,global) found in linflex_init_c.obj 
        7] linflex2_init_fnc (func,global) found in linflex_init_c.obj 
        7] linflex3_init_fnc (func,global) found in linflex_init_c.obj 
        7] linflex4_init_fnc (func,global) found in linflex_init_c.obj 
        7] linflex5_init_fnc (func,global) found in linflex_init_c.obj 
       6] mode_entry_post_config_fnc (func,global) found in sysclk_init_c.obj 
       6] siu_init_fnc (func,global) found in siu_init_c.obj 
        7] siu_portA_init_fnc (func,global) found in siu_init_c.obj 
        7] siu_portB_init_fnc (func,global) found in siu_init_c.obj 
        7] siu_portC_init_fnc (func,global) found in siu_init_c.obj 
        7] siu_portD_init_fnc (func,global) found in siu_init_c.obj 
        7] siu_portE_init_fnc (func,global) found in siu_init_c.obj 
        7] siu_portF_init_fnc (func,global) found in siu_init_c.obj 
        7] siu_portG_init_fnc (func,global) found in siu_init_c.obj 
        7] siu_portH_init_fnc (func,global) found in siu_init_c.obj 
        7] siu_general_init_fnc (func,global) found in siu_init_c.obj 
        7] siu_parallel_port_init_fnc (func,global) found in siu_init_c.obj 
        7] siu_unused_pins_init_fnc (func,global) found in siu_init_c.obj 
        7] siu_psmi_init_fnc (func,global) found in siu_init_c.obj 
      5] SBC_Init_DBG (func,global) found in sbc_hld_c.obj 
       6] SBC_Write_Data (func,global) found in sbc_hld_c.obj 
      5] EnableExternalInterrupts (func,global) found in rappid_utils_c.obj 
      5] GPIO_SetState (func,global) found in gpio_drv_c.obj 
      5] SetCanRxFilter0 (func,global) found in CANdrv_c.obj 
      5] SetCanRxFilter (func,global) found in CANdrv_c.obj 
      5] SetCanRxFilter2 (func,global) found in CANdrv_c.obj 
      5] SetCanRxFilter3 (func,global) found in CANdrv_c.obj 
      5] UartBufInit (func,global) found in UART_drv_c.obj 
       6] UARTBuf (object,global) found in UART_drv_c.obj 
      5] PrintMenu (func,global) found in main_c.obj 
       6] newLine (object,global) found in main_c.obj 
       6] UartTxMsg (func,global) found in UART_drv_c.obj 
       6] menuString (object,global) found in main_c.obj 
      5] ProcessGPIO (func,global) found in main_c.obj 
       6] GPIO_GetState (func,global) found in gpio_drv_c.obj 
       6] switchState (object,global) found in main_c.obj 
      5] ProcessUART (func,global) found in main_c.obj 
       6] UartRxFillBuf (func,global) found in UART_drv_c.obj 
       6] UartRxBufEmpty (func,global) found in UART_drv_c.obj 
       6] UartRxDataByte (func,global) found in UART_drv_c.obj 
      5] ProcessCAN (func,global) found in main_c.obj 
       6] i (object,global) found in main_c.obj 
       6] j (object,global) found in main_c.obj 
       6] k (object,global) found in main_c.obj 
       6] CanRxMbFull0 (func,global) found in CANdrv_c.obj 
       6] CanRxMsg0 (func,global) found in CANdrv_c.obj 
       6] CANcheck0 (object,global) found in main_c.obj 
       6] CanTxMsg (func,global) found in CANdrv_c.obj 
       6] CanRxMbFull (func,global) found in CANdrv_c.obj 
       6] CanRxMsg (func,global) found in CANdrv_c.obj 
       6] CANcheck (object,global) found in main_c.obj 
       6] CanTxMsg0 (func,global) found in CANdrv_c.obj 
       6] CanRxMbFull2 (func,global) found in CANdrv_c.obj 
       6] CanRxMsg2 (func,global) found in CANdrv_c.obj 
       6] CANcheck2 (object,global) found in main_c.obj 
       6] CanRxMbFull3 (func,global) found in CANdrv_c.obj 
       6] CanRxMsg3 (func,global) found in CANdrv_c.obj 
       6] CANcheck3 (object,global) found in main_c.obj 
      5] ProcessADC (func,global) found in main_c.obj 
       6] Pot_Get_Value (func,global) found in pot_hld_c.obj 
        7] A2D_GetSingleCh_10bit (func,global) found in adc_drv_c.obj 
       6] potValue (object,global) found in main_c.obj 
   2] .text_vle (section,local) found in crt0_s.obj 
  1] bam_rchw (object,global) found in rchw_init_c.obj 
  1] bam_resetvector (object,global) found in rchw_init_c.obj 
    3] .text (section,local) found in sysclk_init_c.obj 
    3] .text.50 (notype,local) found in sysclk_init_c.obj 
    3] .text (section,local) found in sys_init_c.obj 
    3] .text.11 (notype,local) found in sys_init_c.obj 
    3] .text (section,local) found in swt_init_c.obj 
    3] .text.29 (notype,local) found in swt_init_c.obj 
    3] .text (section,local) found in stm_init_c.obj 
    3] .text.9 (notype,local) found in stm_init_c.obj 
    3] .text (section,local) found in siu_init_c.obj 
    3] .text.57 (notype,local) found in siu_init_c.obj 
    3] .text (section,local) found in sbc_hld_c.obj 
    3] .text.27 (notype,local) found in sbc_hld_c.obj 
    3] .text (section,local) found in rtc_init_c.obj 
    3] .text.9 (notype,local) found in rtc_init_c.obj 
    3] .text (section,local) found in romcopy_c.obj 
    3] .text.34 (notype,local) found in romcopy_c.obj 
    3] .text (section,local) found in rappid_utils_c.obj 
    3] .text.29 (notype,local) found in rappid_utils_c.obj 
    3] .text (section,local) found in pot_hld_c.obj 
    3] .text.9 (notype,local) found in pot_hld_c.obj 
    3] .text (section,local) found in pit_init_c.obj 
    3] .text.9 (notype,local) found in pit_init_c.obj 
    3] .text (section,local) found in main_c.obj 
    3] .text.96 (notype,local) found in main_c.obj 
    3] .text (section,local) found in linflex_init_c.obj 
    3] .text.33 (notype,local) found in linflex_init_c.obj 
    3] .text (section,local) found in intc_sw_vecttable_c.obj 
    3] .text.10 (notype,local) found in intc_sw_vecttable_c.obj 
    3] .text (section,local) found in intc_init_c.obj 
    3] .text.19 (notype,local) found in intc_init_c.obj 
    3] .text (section,local) found in gpio_drv_c.obj 
    3] .text.17 (notype,local) found in gpio_drv_c.obj 
    3] .text (section,local) found in flexcan_init_c.obj 
    3] .text.196 (notype,local) found in flexcan_init_c.obj 
    3] .text (section,local) found in dspi_init_c.obj 
    3] .text.29 (notype,local) found in dspi_init_c.obj 
    3] .text (section,local) found in adc_init_c.obj 
    3] .text.37 (notype,local) found in adc_init_c.obj 
    3] .text (section,local) found in adc_drv_c.obj 
    3] .text.66 (notype,local) found in adc_drv_c.obj 
    3] .text (section,local) found in UART_drv_c.obj 
    3] .text.77 (notype,local) found in UART_drv_c.obj 
    3] .text (section,local) found in CANdrv_c.obj 
    3] .text.319 (notype,local) found in CANdrv_c.obj 


.__bam_bootarea section layout
  Starting        Virtual  File
  address  Size   address  offset
  ---------------------------------
  00000000 000008 00000000 00000200  1 .__bam_bootarea 	rchw_init_c.obj 
  00000000 000004 00000000 00000200  4 bam_rchw 	rchw_init_c.obj 
  00000004 000004 00000004 00000204  4 bam_resetvector 	rchw_init_c.obj 


.init section layout
  Starting        Virtual  File
  address  Size   address  offset
  ---------------------------------


.init_vle section layout
  Starting        Virtual  File
  address  Size   address  offset
  ---------------------------------


.exec_vect section layout
  Starting        Virtual  File
  address  Size   address  offset
  ---------------------------------


.exec_vect_Vle section layout
  Starting        Virtual  File
  address  Size   address  offset
  ---------------------------------
  00000000 0000f4 00001000 00000210  1 .exec_vect_Vle 	excep_handler_s.obj 
  00000000 0000f4 00001000 00000210  4 _@DummyFn1 	excep_handler_s.obj 
  00000000 000000 00001000 00000210    IVORxHandlers (entry of .exec_vect_Vle) 	excep_handler_s.obj 


.vects section layout
  Starting        Virtual  File
  address  Size   address  offset
  ---------------------------------
  00000000 0003a8 00002000 00000308  1 .vects 	intc_sw_vecttable_c.obj 
  00000000 0003a8 00002000 00000308  8 IntcIsrVectorTable 	intc_sw_vecttable_c.obj 


.text section layout
  Starting        Virtual  File
  address  Size   address  offset
  ---------------------------------


.text_vle section layout
  Starting        Virtual  File
  address  Size   address  offset
  ---------------------------------
  00000000 0000c0 00003000 000006b0  1 .text_vle 	sw_handlers_s.obj 
  00000000 0000c0 00003000 000006b0  4 _@DummyFn1 	sw_handlers_s.obj 
  00000000 000000 00003000 000006b0    IVOR4Handler (entry of .text_vle) 	sw_handlers_s.obj 
  000000c0 00000e 000030c0 00000770  1 .text_vle 	rappid_func_s.obj 
  000000c0 00000e 000030c0 00000770  4 _@DummyFn1 	rappid_func_s.obj 
  000000c0 000000 000030c0 00000770    IVPRInitialize (entry of .text_vle) 	rappid_func_s.obj 
  000000ce 000002 000030d0 00000780  4 *fill*
  000000d0 000050 000030d0 00000780  1 .text_vle 	excep_handler_s.obj 
  000000d0 000000 000030d0 00000780    IVOR0Handler (entry of .text_vle) 	excep_handler_s.obj 
  000000da 000000 000030da 0000078a    IVOR1Handler (entry of .text_vle) 	excep_handler_s.obj 
  000000e4 000000 000030e4 00000794    IVOR2Handler (entry of .text_vle) 	excep_handler_s.obj 
  000000ee 000000 000030ee 0000079e    IVOR3Handler (entry of .text_vle) 	excep_handler_s.obj 
  000000f8 000000 000030f8 000007a8    IVOR5Handler (entry of .text_vle) 	excep_handler_s.obj 
  00000102 000000 00003102 000007b2    IVOR6Handler (entry of .text_vle) 	excep_handler_s.obj 
  0000010c 000000 0000310c 000007bc    IVOR8Handler (entry of .text_vle) 	excep_handler_s.obj 
  00000116 000000 00003116 000007c6    IVOR15Handler (entry of .text_vle) 	excep_handler_s.obj 
  00000120 000000 00003120 000007d0    default_except_handler (entry of .text_vle) 	excep_handler_s.obj 
  00000120 000054 00003120 000007d0  1 .text_vle 	crt0_s.obj 
  00000120 000054 00003120 000007d0  4 _@DummyFn1 	crt0_s.obj 
  00000120 000000 00003120 000007d0    __start (entry of .text_vle) 	crt0_s.obj 
  00000174 00047e 00003174 00000824  1 .text 	sysclk_init_c.obj 
  00000174 00001c 00003174 00000824  2 sysclk_module_init_fnc 	sysclk_init_c.obj 
  00000190 00025a 00003190 00000840  2 mode_entry_init_fnc 	sysclk_init_c.obj 
  000003ea 00011e 000033ea 00000a9a  2 sysclk_init_fnc 	sysclk_init_c.obj 
  00000508 00002a 00003508 00000bb8  2 cmu_init_fnc 	sysclk_init_c.obj 
  00000532 0000c0 00003532 00000be2  2 mode_entry_post_config_fnc 	sysclk_init_c.obj 
  000005f2 000000 000035f2 00000ca2  1 .text.50 	sysclk_init_c.obj 
  000005f2 00004a 000035f2 00000ca2  1 .text 	sys_init_c.obj 
  000005f2 00004a 000035f2 00000ca2  2 sys_init_fnc 	sys_init_c.obj 
  0000063c 000000 0000363c 00000cec  1 .text.11 	sys_init_c.obj 
  0000063c 0000c8 0000363c 00000cec  1 .text 	swt_init_c.obj 
  0000063c 0000c8 0000363c 00000cec  2 swt_init_fnc 	swt_init_c.obj 
  UNUSED   000032 ........ ........    swt_srvc_seq_fnc swt_init_c.obj 
  00000704 000000 00003704 00000db4  1 .text.29 	swt_init_c.obj 
  00000704 0000a8 00003704 00000db4  1 .text 	stm_init_c.obj 
  00000704 0000a8 00003704 00000db4  2 stm_init_fnc 	stm_init_c.obj 
  000007ac 000000 000037ac 00000e5c  1 .text.9 	stm_init_c.obj 
  000007ac 000968 000037ac 00000e5c  1 .text 	siu_init_c.obj 
  000007ac 000040 000037ac 00000e5c  2 siu_init_fnc 	siu_init_c.obj 
  000007ec 0000a6 000037ec 00000e9c  2 siu_portA_init_fnc 	siu_init_c.obj 
  00000892 0000a0 00003892 00000f42  2 siu_portB_init_fnc 	siu_init_c.obj 
  00000932 0000aa 00003932 00000fe2  2 siu_portC_init_fnc 	siu_init_c.obj 
  000009dc 000098 000039dc 0000108c  2 siu_portD_init_fnc 	siu_init_c.obj 
  00000a74 0000b0 00003a74 00001124  2 siu_portE_init_fnc 	siu_init_c.obj 
  00000b24 0000a6 00003b24 000011d4  2 siu_portF_init_fnc 	siu_init_c.obj 
  00000bca 0000a2 00003bca 0000127a  2 siu_portG_init_fnc 	siu_init_c.obj 
  00000c6c 00007c 00003c6c 0000131c  2 siu_portH_init_fnc 	siu_init_c.obj 
  00000ce8 000174 00003ce8 00001398  2 siu_general_init_fnc 	siu_init_c.obj 
  00000e5c 000052 00003e5c 0000150c  2 siu_parallel_port_init_fnc 	siu_init_c.obj 
  00000eae 000002 00003eae 0000155e  2 siu_unused_pins_init_fnc 	siu_init_c.obj 
  00000eb0 000264 00003eb0 00001560  2 siu_psmi_init_fnc 	siu_init_c.obj 
  00001114 000000 00004114 000017c4  1 .text.57 	siu_init_c.obj 
  00001114 000086 00004114 000017c4  1 .text 	sbc_hld_c.obj 
  00001114 000034 00004114 000017c4  2 SBC_Init_DBG 	sbc_hld_c.obj 
  00001148 000052 00004148 000017f8  2 SBC_Write_Data 	sbc_hld_c.obj 
  0000119a 000000 0000419a 0000184a  1 .text.27 	sbc_hld_c.obj 
  0000119a 000030 0000419a 0000184a  1 .text 	rtc_init_c.obj 
  0000119a 000030 0000419a 0000184a  2 rtc_init_fnc 	rtc_init_c.obj 
  000011ca 000000 000041ca 0000187a  1 .text.9 	rtc_init_c.obj 
  000011ca 0000ae 000041ca 0000187a  1 .text 	romcopy_c.obj 
  000011ca 0000ae 000041ca 0000187a  2 romcopy 	romcopy_c.obj 
  00001278 000000 00004278 00001928  1 .text.34 	romcopy_c.obj 
  00001278 000006 00004278 00001928  1 .text 	rappid_utils_c.obj 
  00001278 000006 00004278 00001928  2 EnableExternalInterrupts 	rappid_utils_c.obj 
  UNUSED   000006 ........ ........    DisableExternalInterrupts rappid_utils_c.obj 
  UNUSED   000016 ........ ........    fs_clearmem rappid_utils_c.obj 
  0000127e 000000 0000427e 0000192e  1 .text.29 	rappid_utils_c.obj 
  0000127e 000016 0000427e 0000192e  1 .text 	pot_hld_c.obj 
  0000127e 000016 0000427e 0000192e  2 Pot_Get_Value 	pot_hld_c.obj 
  00001294 000000 00004294 00001944  1 .text.9 	pot_hld_c.obj 
  00001294 00018e 00004294 00001944  1 .text 	pit_init_c.obj 
  00001294 00018e 00004294 00001944  2 pit_init_fnc 	pit_init_c.obj 
  00001422 000000 00004422 00001ad2  1 .text.9 	pit_init_c.obj 
  00001422 000348 00004422 00001ad2  1 .text 	main_c.obj 
  00001422 00009e 00004422 00001ad2  2 main 	main_c.obj 
  000014c0 00005c 000044c0 00001b70  2 ProcessUART 	main_c.obj 
  0000151c 000032 0000451c 00001bcc  2 PrintMenu 	main_c.obj 
  0000154e 0001a2 0000454e 00001bfe  2 ProcessCAN 	main_c.obj 
  000016f0 00003e 000046f0 00001da0  2 ProcessGPIO 	main_c.obj 
  0000172e 00003c 0000472e 00001dde  2 ProcessADC 	main_c.obj 
  0000176a 000000 0000476a 00001e1a  1 .text.96 	main_c.obj 
  0000176a 000514 0000476a 00001e1a  1 .text 	linflex_init_c.obj 
  0000176a 000028 0000476a 00001e1a  2 linflex_init_fnc 	linflex_init_c.obj 
  00001792 000164 00004792 00001e42  2 linflex0_init_fnc 	linflex_init_c.obj 
  000018f6 0000ca 000048f6 00001fa6  2 linflex1_init_fnc 	linflex_init_c.obj 
  000019c0 0000b6 000049c0 00002070  2 linflex2_init_fnc 	linflex_init_c.obj 
  00001a76 0000b6 00004a76 00002126  2 linflex3_init_fnc 	linflex_init_c.obj 
  00001b2c 00009c 00004b2c 000021dc  2 linflex4_init_fnc 	linflex_init_c.obj 
  00001bc8 0000b6 00004bc8 00002278  2 linflex5_init_fnc 	linflex_init_c.obj 
  00001c7e 000000 00004c7e 0000232e  1 .text.33 	linflex_init_c.obj 
  00001c7e 000002 00004c7e 0000232e  1 .text 	intc_sw_vecttable_c.obj 
  00001c7e 000002 00004c7e 0000232e  2 interrupt_handler 	intc_sw_vecttable_c.obj 
  00001c80 000000 00004c80 00002330  1 .text.10 	intc_sw_vecttable_c.obj 
  00001c80 000760 00004c80 00002330  1 .text 	intc_init_c.obj 
  00001c80 000756 00004c80 00002330  2 intc_init_fnc 	intc_init_c.obj 
  000023d6 00000a 000053d6 00002a86  2 en_int_fnc 	intc_init_c.obj 
  000023e0 000000 000053e0 00002a90  1 .text.19 	intc_init_c.obj 
  000023e0 000044 000053e0 00002a90  1 .text 	gpio_drv_c.obj 
  000023e0 000026 000053e0 00002a90  2 GPIO_GetState 	gpio_drv_c.obj 
  00002406 00001e 00005406 00002ab6  2 GPIO_SetState 	gpio_drv_c.obj 
  00002424 000000 00005424 00002ad4  1 .text.17 	gpio_drv_c.obj 
  00002424 000a3e 00005424 00002ad4  1 .text 	flexcan_init_c.obj 
  00002424 00005a 00005424 00002ad4  2 flexcan_init_fnc 	flexcan_init_c.obj 
  0000247e 000180 0000547e 00002b2e  2 flexcan_0_init_fnc 	flexcan_init_c.obj 
  000025fe 0001ba 000055fe 00002cae  2 flexcan_1_init_fnc 	flexcan_init_c.obj 
  000027b8 0001ba 000057b8 00002e68  2 flexcan_2_init_fnc 	flexcan_init_c.obj 
  00002972 0001ba 00005972 00003022  2 flexcan_3_init_fnc 	flexcan_init_c.obj 
  00002b2c 00017e 00005b2c 000031dc  2 flexcan_4_init_fnc 	flexcan_init_c.obj 
  00002caa 0001b8 00005caa 0000335a  2 flexcan_5_init_fnc 	flexcan_init_c.obj 
  00002e62 000000 00005e62 00003512  1 .text.196 	flexcan_init_c.obj 
  00002e62 000324 00005e62 00003512  1 .text 	dspi_init_c.obj 
  00002e62 000024 00005e62 00003512  2 dspi_init_fnc 	dspi_init_c.obj 
  00002e86 000086 00005e86 00003536  2 dspi0_init_fnc 	dspi_init_c.obj 
  00002f0c 0000a8 00005f0c 000035bc  2 dspi1_init_fnc 	dspi_init_c.obj 
  00002fb4 0000a6 00005fb4 00003664  2 dspi2_init_fnc 	dspi_init_c.obj 
  0000305a 0000a6 0000605a 0000370a  2 dspi3_init_fnc 	dspi_init_c.obj 
  00003100 000086 00006100 000037b0  2 dspi4_init_fnc 	dspi_init_c.obj 
  00003186 000000 00006186 00003836  1 .text.29 	dspi_init_c.obj 
  00003186 00068a 00006186 00003836  1 .text 	adc_init_c.obj 
  00003186 00001c 00006186 00003836  2 adc_init_fnc 	adc_init_c.obj 
  000031a2 0000c0 000061a2 00003852  2 adc_0_init_fnc 	adc_init_c.obj 
  00003262 0000be 00006262 00003912  2 adc_1_init_fnc 	adc_init_c.obj 
  00003320 0002a2 00006320 000039d0  2 adc_ctuevent_init_fnc 	adc_init_c.obj 
  000035c2 000144 000065c2 00003c72  2 adc_0_channel_setup_fnc 	adc_init_c.obj 
  00003706 0000c6 00006706 00003db6  2 adc_1_channel_setup_fnc 	adc_init_c.obj 
  000037cc 00001e 000067cc 00003e7c  2 adc_0_trigger_setup_fnc 	adc_init_c.obj 
  000037ea 000026 000067ea 00003e9a  2 adc_1_trigger_setup_fnc 	adc_init_c.obj 
  00003810 000000 00006810 00003ec0  1 .text.37 	adc_init_c.obj 
  00003810 000084 00006810 00003ec0  1 .text 	adc_drv_c.obj 
  UNUSED   00005c ........ ........    A2D_GetSingleCh_12bit adc_drv_c.obj 
  00003810 000084 00006810 00003ec0  2 A2D_GetSingleCh_10bit 	adc_drv_c.obj 
  UNUSED   00002a ........ ........    A2D_GetChResult_12bit adc_drv_c.obj 
  UNUSED   000030 ........ ........    A2D_GetChResult_10bit adc_drv_c.obj 
  UNUSED   00001c ........ ........    A2D_SetupCh_12bit adc_drv_c.obj 
  UNUSED   00005e ........ ........    A2D_SetupCh_10bit adc_drv_c.obj 
  00003894 000000 00006894 00003f44  1 .text.66 	adc_drv_c.obj 
  00003894 000208 00006894 00003f44  1 .text 	UART_drv_c.obj 
  00003894 0000b0 00006894 00003f44  2 UartTxMsg 	UART_drv_c.obj 
  00003944 000070 00006944 00003ff4  2 UartRxDataByte 	UART_drv_c.obj 
  UNUSED   000044 ........ ........    UartRxNewDataSize UART_drv_c.obj 
  000039b4 00002e 000069b4 00004064  2 UartRxBufEmpty 	UART_drv_c.obj 
  000039e2 000018 000069e2 00004092  2 UartBufInit 	UART_drv_c.obj 
  000039fa 0000a2 000069fa 000040aa  2 UartRxFillBuf 	UART_drv_c.obj 
  00003a9c 000000 00006a9c 0000414c  1 .text.77 	UART_drv_c.obj 
  00003a9c 000af6 00006a9c 0000414c  1 .text 	CANdrv_c.obj 
  00003a9c 00009a 00006a9c 0000414c  2 SetCanRxFilter 	CANdrv_c.obj 
  00003b36 00013c 00006b36 000041e6  2 CanTxMsg 	CANdrv_c.obj 
  00003c72 000120 00006c72 00004322  2 CanRxMsg 	CANdrv_c.obj 
  00003d92 000068 00006d92 00004442  2 CanRxMbFull 	CANdrv_c.obj 
  UNUSED   00004a ........ ........    CanTxMbEmpty CANdrv_c.obj 
  00003dfa 00009a 00006dfa 000044aa  2 SetCanRxFilter0 	CANdrv_c.obj 
  00003e94 00013c 00006e94 00004544  2 CanTxMsg0 	CANdrv_c.obj 
  00003fd0 00011a 00006fd0 00004680  2 CanRxMsg0 	CANdrv_c.obj 
  000040ea 000064 000070ea 0000479a  2 CanRxMbFull0 	CANdrv_c.obj 
  UNUSED   00004a ........ ........    CanTxMbEmpty0 CANdrv_c.obj 
  0000414e 00009a 0000714e 000047fe  2 SetCanRxFilter2 	CANdrv_c.obj 
  UNUSED   00013c ........ ........    CanTxMsg2 CANdrv_c.obj 
  000041e8 000120 000071e8 00004898  2 CanRxMsg2 	CANdrv_c.obj 
  00004308 000068 00007308 000049b8  2 CanRxMbFull2 	CANdrv_c.obj 
  UNUSED   00004a ........ ........    CanTxMbEmpty2 CANdrv_c.obj 
  00004370 00009a 00007370 00004a20  2 SetCanRxFilter3 	CANdrv_c.obj 
  UNUSED   00013c ........ ........    CanTxMsg3 CANdrv_c.obj 
  0000440a 000120 0000740a 00004aba  2 CanRxMsg3 	CANdrv_c.obj 
  0000452a 000068 0000752a 00004bda  2 CanRxMbFull3 	CANdrv_c.obj 
  UNUSED   00004a ........ ........    CanTxMbEmpty3 CANdrv_c.obj 
  00004592 000000 00007592 00004c42  1 .text.319 	CANdrv_c.obj 


.rodata section layout
  Starting        Virtual  File
  address  Size   address  offset
  ---------------------------------


.ctors section layout
  Starting        Virtual  File
  address  Size   address  offset
  ---------------------------------


.dtors section layout
  Starting        Virtual  File
  address  Size   address  offset
  ---------------------------------


.sdata2 section layout
  Starting        Virtual  File
  address  Size   address  offset
  ---------------------------------


.sbss2 section layout
  Starting        Virtual  File
  address  Size   address  offset
  ---------------------------------


.data section layout
  Starting        Virtual  File
  address  Size   address  offset
  ---------------------------------
  00000000 00002a 40000000 00004c48  1 .data 	main_c.obj 
  00000000 00002a 40000000 00004c48  4 menuString 	main_c.obj 


.j_pdata section layout
  Starting        Virtual  File
  address  Size   address  offset
  ---------------------------------


.sdata section layout
  Starting        Virtual  File
  address  Size   address  offset
  ---------------------------------
  00000000 000002 40000030 00004c78  1 .sdata 	main_c.obj 
  UNUSED   000008 ........ ........    msgOKCAN main_c.obj 
  UNUSED   000008 ........ ........    msgErrorCAN main_c.obj 
  00000000 000002 40000030 00004c78  4 newLine 	main_c.obj 


.sbss section layout
  Starting        Virtual  File
  address  Size   address  offset
  ---------------------------------
  00000000 00002f 40000038 00004c80  1 .sbss 	main_c.obj 
  00000000 000008 40000038 00004c80  8 CANcheck0 	main_c.obj 
  00000008 000008 40000040 00004c88  8 CANcheck 	main_c.obj 
  00000010 000008 40000048 00004c90  8 CANcheck2 	main_c.obj 
  00000018 000008 40000050 00004c98  8 CANcheck3 	main_c.obj 
  00000020 000004 40000058 00004ca0  4 k 	main_c.obj 
  00000024 000004 4000005c 00004ca4  4 j 	main_c.obj 
  00000028 000004 40000060 00004ca8  4 i 	main_c.obj 
  0000002c 000002 40000064 00004cac  2 potValue 	main_c.obj 
  0000002e 000001 40000066 00004cae  1 switchState 	main_c.obj 


.bss section layout
  Starting        Virtual  File
  address  Size   address  offset
  ---------------------------------
  00000000 000104 40000068 00004c80  1 .bss 	UART_drv_c.obj 
  00000000 000104 40000068 00004c80  4 UARTBuf 	UART_drv_c.obj 


.tibss section layout
  Starting        Virtual  File
  address  Size   address  offset
  ---------------------------------


.tidata section layout
  Starting        Virtual  File
  address  Size   address  offset
  ---------------------------------


Memory map:
                       Starting Size     File     ROM      RAM Buffer  S-Record
                       address           Offset   Address  Address     Line
       .__bam_bootarea 00000000 00000008 00000200 00000000 00000000          2
                 .init 00000020 00000000 00000208 00003000 00003000          0
             .init_vle 00000020 00000000 00000208 00000020 00000020          0
        .exec_vect_Vle 00001000 000000f4 00000210 00001000 00001000          3
                .vects 00002000 000003a8 00000308 00002000 00002000         16
             .text_vle 00003000 00004594 000006b0 00003000 00003000         63
               .rodata 00007594 00000000 00004c44 00007594 00007594          0
                .ctors 00007594 00000000 00004c44 00007594 00007594          0
                .dtors 00007594 00000000 00004c44 00007594 00007594          0
               .sdata2 00007594 00000000 00004c44 00007594 00007594          0
                .sbss2 00007594 00000000 00004c44 00007594 00007594          0
                 .data 40000000 0000002c 00004c48 00007598 00007598        954
                .sdata 40000030 00000004 00004c78 000075c8 000075c8        957
                 .sbss 40000038 00000030 00004c80 000075d0 000075d0          0
                  .bss 40000068 00000104 00004c80 000075d0 000075d0          0
      .PPC.EMB.apuinfo 0000a494 00000000 0000f120 00011a64 00011a64          0
         .debug_abbrev          00000137 00004c80
           .debug_info          00002b8c 00004db7
        .debug_aranges          00000080 00007943
           .debug_line          00005115 000079c3
            .debug_loc          00000675 0000cad8
       .debug_pubnames          00000930 0000d14d


Linker generated symbols:
                   __argv 00003000
                    __env 00003000
               __DATA_ROM 00007598
               __DATA_RAM 40000000
               __DATA_END 40000034
              __BSS_START 40000034
                __BSS_END 4000016c
                __SP_INIT 40014000
                 __SP_END 40013000
               __HEAP_END 40013000
            ___HEAP_START 003cfff0
              ___HEAP_END 40013000
               ___SP_INIT 40014000
                ___SP_END 40013000
              ___DATA_ROM 00007598
              ___DATA_RAM 40000000
              ___DATA_END 40000034
             ___BSS_START 40000034
               ___BSS_END 4000016c
        _f___bam_bootarea 00000000
    _f___bam_bootarea_rom 00000000
        _e___bam_bootarea 00000008
                  _f_init 00000020
              _f_init_rom 00003000
                  _e_init 00000020
              _f_init_vle 00000020
          _f_init_vle_rom 00000020
              _e_init_vle 00000020
             _f_exec_vect 00001000
         _f_exec_vect_rom 00001000
             _e_exec_vect 00001000
         _f_exec_vect_Vle 00001000
     _f_exec_vect_Vle_rom 00001000
         _e_exec_vect_Vle 000010f4
                 _f_vects 00002000
             _f_vects_rom 00002000
                 _e_vects 000023a8
                  _f_text 00003000
              _f_text_rom 00003000
                  _e_text 00003000
              _f_text_vle 00003000
          _f_text_vle_rom 00003000
              _e_text_vle 00007594
                _f_rodata 00007594
            _f_rodata_rom 00007594
                _e_rodata 00007594
                 _f_ctors 00007594
             _f_ctors_rom 00007594
                 _e_ctors 00007594
                 _f_dtors 00007594
             _f_dtors_rom 00007594
                 _e_dtors 00007594
                _f_sdata2 00007594
            _f_sdata2_rom 00007594
                _e_sdata2 00007594
                 _f_sbss2 00007594
                 _e_sbss2 00007594
                  _f_data 40000000
              _f_data_rom 00007598
                  _e_data 4000002c
               _f_j_pdata 4000002c
           _f_j_pdata_rom 000075c4
               _e_j_pdata 4000002c
                 _f_sdata 40000030
             _f_sdata_rom 000075c8
                 _e_sdata 40000034
                  _f_sbss 40000038
                  _e_sbss 40000068
                   _f_bss 40000068
                   _e_bss 4000016c
                 _f_tibss 4000016c
             _f_tibss_rom 000075d0
                 _e_tibss 4000016c
                _f_tidata 4000016c
            _f_tidata_rom 000075d0
                _e_tidata 4000016c
              _stack_addr 003dfff0
               _stack_end 003d7ff0
               _heap_addr 003cfff0
                _heap_end 003d7ff0
             _nbfunctions 0000005b
           SIZEOF_HEADERS 00000200
               _SDA_BASE_ 40008030
              _SDA2_BASE_ 0000f594
           _ABS_SDA_BASE_ 40008030
          _ABS_SDA2_BASE_ 0000f594
                 _SP_INIT 003dfff0
             __HEAP_START 003cfff0
              __mem_limit 003d7ff0
           __stack_safety 00000010
